Flow report for alu_benchmark
Sat Sep 19 00:30:58 2026
Quartus Prime Version 20.1.0 Build 711 06/05/2020 SJ Lite Edition


---------------------
; Table of Contents ;
---------------------
  1. Legal Notice
  2. Flow Summary
  3. Flow Settings
  4. Flow Non-Default Global Settings
  5. Flow Elapsed Time
  6. Flow OS Summary
  7. Flow Log
  8. Flow Messages
  9. Flow Suppressed Messages



----------------
; Legal Notice ;
----------------
Copyright (C) 2020  Intel Corporation. All rights reserved.
Your use of Intel Corporation's design tools, logic functions 
and other software and tools, and any partner logic 
functions, and any output files from any of the foregoing 
(including device programming or simulation files), and any 
associated documentation or information are expressly subject 
to the terms and conditions of the Intel Program License 
Subscription Agreement, the Intel Quartus Prime License Agreement,
the Intel FPGA IP License Agreement, or other applicable license
agreement, including, without limitation, that your use is for
the sole purpose of programming logic devices manufactured by
Intel and sold by Intel or its authorized distributors.  Please
refer to the applicable agreement for further details, at
https://fpgasoftware.intel.com/eula.



+----------------------------------------------------------------------------------+
; Flow Summary                                                                     ;
+------------------------------------+---------------------------------------------+
; Flow Status                        ; Successful - Sat Sep 19 00:30:58 2026       ;
; Quartus Prime Version              ; 20.1.0 Build 711 06/05/2020 SJ Lite Edition ;
; Revision Name                      ; alu_benchmark                               ;
; Top-level Entity Name              ; alu_wrapper                                 ;
; Family                             ; Cyclone IV E                                ;
; Device                             ; EP4CE115F29C7                               ;
; Timing Models                      ; Final                                       ;
; Total logic elements               ; 822 / 114,480 ( < 1 % )                     ;
;     Total combinational functions  ; 819 / 114,480 ( < 1 % )                     ;
;     Dedicated logic registers      ; 101 / 114,480 ( < 1 % )                     ;
; Total registers                    ; 101                                         ;
; Total pins                         ; 104 / 529 ( 20 % )                          ;
; Total virtual pins                 ; 0                                           ;
; Total memory bits                  ; 0 / 3,981,312 ( 0 % )                       ;
; Embedded Multiplier 9-bit elements ; 6 / 532 ( 1 % )                             ;
; Total PLLs                         ; 0 / 4 ( 0 % )                               ;
+------------------------------------+---------------------------------------------+


+-----------------------------------------+
; Flow Settings                           ;
+-------------------+---------------------+
; Option            ; Setting             ;
+-------------------+---------------------+
; Start date & time ; 09/18/2026 23:40:30 ;
; Main task         ; Compilation         ;
; Revision Name     ; alu_benchmark       ;
+-------------------+---------------------+


+--------------------------------------------------------------------------------------------------+
; Flow Non-Default Global Settings                                                                 ;
+-----------------------+-------------------------------+---------------+-------------+------------+
; Assignment Name       ; Value                         ; Default Value ; Entity Name ; Section Id ;
+-----------------------+-------------------------------+---------------+-------------+------------+
; COMPILER_SIGNATURE_ID ; 5218839997939.178974963021564 ; --            ; --          ; --         ;
; TOP_LEVEL_ENTITY      ; alu_wrapper                   ; alu_benchmark ; --          ; --         ;
+-----------------------+-------------------------------+---------------+-------------+------------+


+--------------------------------------------------------------------------------------------------------------------------+
; Flow Elapsed Time                                                                                                        ;
+----------------------+--------------+-------------------------+---------------------+------------------------------------+
; Module Name          ; Elapsed Time ; Average Processors Used ; Peak Virtual Memory ; Total CPU Time (on all processors) ;
+----------------------+--------------+-------------------------+---------------------+------------------------------------+
; Analysis & Synthesis ; 00:00:08     ; 1.0                     ; 4860 MB             ; 00:00:18                           ;
; Fitter               ; 00:00:21     ; 1.1                     ; 6722 MB             ; 00:00:39                           ;
; Assembler            ; 00:00:02     ; 1.0                     ; 4698 MB             ; 00:00:02                           ;
; Timing Analyzer      ; 00:00:02     ; 1.2                     ; 5006 MB             ; 00:00:02                           ;
; Timing Analyzer      ; 00:00:01     ; 1.0                     ; 4824 MB             ; 00:00:01                           ;
; Power Analyzer       ; 00:00:05     ; 1.1                     ; 5064 MB             ; 00:00:07                           ;
; Power Analyzer       ; 00:00:05     ; 1.1                     ; 5065 MB             ; 00:00:10                           ;
; Power Analyzer       ; 00:00:10     ; 1.0                     ; 5065 MB             ; 00:00:44                           ;
; Power Analyzer       ; 00:00:01     ; 1.0                     ; 4667 MB             ; 00:00:01                           ;
; Power Analyzer       ; 00:00:01     ; 1.0                     ; 4667 MB             ; 00:00:00                           ;
; Power Analyzer       ; 00:00:05     ; 1.1                     ; 5064 MB             ; 00:00:07                           ;
; Power Analyzer       ; 00:00:06     ; 1.0                     ; 5065 MB             ; 00:00:13                           ;
; Power Analyzer       ; 00:00:07     ; 1.0                     ; 5064 MB             ; 00:00:14                           ;
; Power Analyzer       ; 00:00:10     ; 1.0                     ; 5065 MB             ; 00:00:15                           ;
; Total                ; 00:01:24     ; --                      ; --                  ; 00:02:53                           ;
+----------------------+--------------+-------------------------+---------------------+------------------------------------+


+------------------------------------------------------------------------------------+
; Flow OS Summary                                                                    ;
+----------------------+------------------+------------+------------+----------------+
; Module Name          ; Machine Hostname ; OS Name    ; OS Version ; Processor type ;
+----------------------+------------------+------------+------------+----------------+
; Analysis & Synthesis ; TUAN-MINH        ; Windows 10 ; 10.0       ; x86_64         ;
; Fitter               ; TUAN-MINH        ; Windows 10 ; 10.0       ; x86_64         ;
; Assembler            ; TUAN-MINH        ; Windows 10 ; 10.0       ; x86_64         ;
; Timing Analyzer      ; TUAN-MINH        ; Windows 10 ; 10.0       ; x86_64         ;
; Timing Analyzer      ; TUAN-MINH        ; Windows 10 ; 10.0       ; x86_64         ;
; Power Analyzer       ; TUAN-MINH        ; Windows 10 ; 10.0       ; x86_64         ;
; Power Analyzer       ; TUAN-MINH        ; Windows 10 ; 10.0       ; x86_64         ;
; Power Analyzer       ; TUAN-MINH        ; Windows 10 ; 10.0       ; x86_64         ;
; Power Analyzer       ; TUAN-MINH        ; Windows 10 ; 10.0       ; x86_64         ;
; Power Analyzer       ; TUAN-MINH        ; Windows 10 ; 10.0       ; x86_64         ;
; Power Analyzer       ; TUAN-MINH        ; Windows 10 ; 10.0       ; x86_64         ;
; Power Analyzer       ; TUAN-MINH        ; Windows 10 ; 10.0       ; x86_64         ;
; Power Analyzer       ; TUAN-MINH        ; Windows 10 ; 10.0       ; x86_64         ;
; Power Analyzer       ; TUAN-MINH        ; Windows 10 ; 10.0       ; x86_64         ;
+----------------------+------------------+------------+------------+----------------+


------------
; Flow Log ;
------------
quartus_map --read_settings_files=on --write_settings_files=off alu_benchmark -c alu_benchmark
quartus_fit --read_settings_files=off --write_settings_files=off alu_benchmark -c alu_benchmark
quartus_asm --read_settings_files=off --write_settings_files=off alu_benchmark -c alu_benchmark
quartus_sta alu_benchmark -c alu_benchmark
quartus_sta alu_benchmark
quartus_pow alu_benchmark
quartus_pow alu_benchmark
quartus_pow alu_benchmark
quartus_pow alu_benchmark
quartus_pow alu_benchmark
quartus_pow alu_benchmark
quartus_pow alu_benchmark
quartus_pow alu_benchmark
quartus_pow alu_benchmark



