Analysis & Synthesis report for alu_benchmark
Fri Sep 18 23:40:39 2026
Quartus Prime Version 20.1.0 Build 711 06/05/2020 SJ Lite Edition


---------------------
; Table of Contents ;
---------------------
  1. Legal Notice
  2. Analysis & Synthesis Summary
  3. Analysis & Synthesis Settings
  4. Parallel Compilation
  5. Analysis & Synthesis Source Files Read
  6. Analysis & Synthesis Resource Usage Summary
  7. Analysis & Synthesis Resource Utilization by Entity
  8. Analysis & Synthesis DSP Block Usage Summary
  9. Registers Removed During Synthesis
 10. General Register Statistics
 11. Multiplexer Restructuring Statistics (Restructuring Performed)
 12. Parameter Settings for User Entity Instance: biriscv_alu_adaptive:u_alu
 13. Parameter Settings for Inferred Entity Instance: biriscv_alu_adaptive:u_alu|lpm_mult:Mult0
 14. lpm_mult Parameter Settings by Entity Instance
 15. Port Connectivity Checks: "biriscv_alu_adaptive:u_alu"
 16. Post-Synthesis Netlist Statistics for Top Partition
 17. Elapsed Time Per Partition
 18. Analysis & Synthesis Messages



----------------
; Legal Notice ;
----------------
Copyright (C) 2020  Intel Corporation. All rights reserved.
Your use of Intel Corporation's design tools, logic functions 
and other software and tools, and any partner logic 
functions, and any output files from any of the foregoing 
(including device programming or simulation files), and any 
associated documentation or information are expressly subject 
to the terms and conditions of the Intel Program License 
Subscription Agreement, the Intel Quartus Prime License Agreement,
the Intel FPGA IP License Agreement, or other applicable license
agreement, including, without limitation, that your use is for
the sole purpose of programming logic devices manufactured by
Intel and sold by Intel or its authorized distributors.  Please
refer to the applicable agreement for further details, at
https://fpgasoftware.intel.com/eula.



+----------------------------------------------------------------------------------+
; Analysis & Synthesis Summary                                                     ;
+------------------------------------+---------------------------------------------+
; Analysis & Synthesis Status        ; Successful - Fri Sep 18 23:40:39 2026       ;
; Quartus Prime Version              ; 20.1.0 Build 711 06/05/2020 SJ Lite Edition ;
; Revision Name                      ; alu_benchmark                               ;
; Top-level Entity Name              ; alu_wrapper                                 ;
; Family                             ; Cyclone IV E                                ;
; Total logic elements               ; 888                                         ;
;     Total combinational functions  ; 819                                         ;
;     Dedicated logic registers      ; 101                                         ;
; Total registers                    ; 101                                         ;
; Total pins                         ; 104                                         ;
; Total virtual pins                 ; 0                                           ;
; Total memory bits                  ; 0                                           ;
; Embedded Multiplier 9-bit elements ; 6                                           ;
; Total PLLs                         ; 0                                           ;
+------------------------------------+---------------------------------------------+


+------------------------------------------------------------------------------------------------------------+
; Analysis & Synthesis Settings                                                                              ;
+------------------------------------------------------------------+--------------------+--------------------+
; Option                                                           ; Setting            ; Default Value      ;
+------------------------------------------------------------------+--------------------+--------------------+
; Device                                                           ; EP4CE115F29C7      ;                    ;
; Top-level entity name                                            ; alu_wrapper        ; alu_benchmark      ;
; Family name                                                      ; Cyclone IV E       ; Cyclone V          ;
; Use smart compilation                                            ; Off                ; Off                ;
; Enable parallel Assembler and Timing Analyzer during compilation ; On                 ; On                 ;
; Enable compact report table                                      ; Off                ; Off                ;
; Restructure Multiplexers                                         ; Auto               ; Auto               ;
; Create Debugging Nodes for IP Cores                              ; Off                ; Off                ;
; Preserve fewer node names                                        ; On                 ; On                 ;
; Intel FPGA IP Evaluation Mode                                    ; Enable             ; Enable             ;
; Verilog Version                                                  ; Verilog_2001       ; Verilog_2001       ;
; VHDL Version                                                     ; VHDL_1993          ; VHDL_1993          ;
; State Machine Processing                                         ; Auto               ; Auto               ;
; Safe State Machine                                               ; Off                ; Off                ;
; Extract Verilog State Machines                                   ; On                 ; On                 ;
; Extract VHDL State Machines                                      ; On                 ; On                 ;
; Ignore Verilog initial constructs                                ; Off                ; Off                ;
; Iteration limit for constant Verilog loops                       ; 5000               ; 5000               ;
; Iteration limit for non-constant Verilog loops                   ; 250                ; 250                ;
; Add Pass-Through Logic to Inferred RAMs                          ; On                 ; On                 ;
; Infer RAMs from Raw Logic                                        ; On                 ; On                 ;
; Parallel Synthesis                                               ; On                 ; On                 ;
; DSP Block Balancing                                              ; Auto               ; Auto               ;
; NOT Gate Push-Back                                               ; On                 ; On                 ;
; Power-Up Don't Care                                              ; On                 ; On                 ;
; Remove Redundant Logic Cells                                     ; Off                ; Off                ;
; Remove Duplicate Registers                                       ; On                 ; On                 ;
; Ignore CARRY Buffers                                             ; Off                ; Off                ;
; Ignore CASCADE Buffers                                           ; Off                ; Off                ;
; Ignore GLOBAL Buffers                                            ; Off                ; Off                ;
; Ignore ROW GLOBAL Buffers                                        ; Off                ; Off                ;
; Ignore LCELL Buffers                                             ; Off                ; Off                ;
; Ignore SOFT Buffers                                              ; On                 ; On                 ;
; Limit AHDL Integers to 32 Bits                                   ; Off                ; Off                ;
; Optimization Technique                                           ; Balanced           ; Balanced           ;
; Carry Chain Length                                               ; 70                 ; 70                 ;
; Auto Carry Chains                                                ; On                 ; On                 ;
; Auto Open-Drain Pins                                             ; On                 ; On                 ;
; Perform WYSIWYG Primitive Resynthesis                            ; Off                ; Off                ;
; Auto ROM Replacement                                             ; On                 ; On                 ;
; Auto RAM Replacement                                             ; On                 ; On                 ;
; Auto DSP Block Replacement                                       ; On                 ; On                 ;
; Auto Shift Register Replacement                                  ; Auto               ; Auto               ;
; Allow Shift Register Merging across Hierarchies                  ; Auto               ; Auto               ;
; Auto Clock Enable Replacement                                    ; On                 ; On                 ;
; Strict RAM Replacement                                           ; Off                ; Off                ;
; Allow Synchronous Control Signals                                ; On                 ; On                 ;
; Force Use of Synchronous Clear Signals                           ; Off                ; Off                ;
; Auto RAM Block Balancing                                         ; On                 ; On                 ;
; Auto RAM to Logic Cell Conversion                                ; Off                ; Off                ;
; Auto Resource Sharing                                            ; Off                ; Off                ;
; Allow Any RAM Size For Recognition                               ; Off                ; Off                ;
; Allow Any ROM Size For Recognition                               ; Off                ; Off                ;
; Allow Any Shift Register Size For Recognition                    ; Off                ; Off                ;
; Use LogicLock Constraints during Resource Balancing              ; On                 ; On                 ;
; Ignore translate_off and synthesis_off directives                ; Off                ; Off                ;
; Timing-Driven Synthesis                                          ; On                 ; On                 ;
; Report Parameter Settings                                        ; On                 ; On                 ;
; Report Source Assignments                                        ; On                 ; On                 ;
; Report Connectivity Checks                                       ; On                 ; On                 ;
; Ignore Maximum Fan-Out Assignments                               ; Off                ; Off                ;
; Synchronization Register Chain Length                            ; 2                  ; 2                  ;
; Power Optimization During Synthesis                              ; Normal compilation ; Normal compilation ;
; HDL message level                                                ; Level2             ; Level2             ;
; Suppress Register Optimization Related Messages                  ; Off                ; Off                ;
; Number of Removed Registers Reported in Synthesis Report         ; 5000               ; 5000               ;
; Number of Swept Nodes Reported in Synthesis Report               ; 5000               ; 5000               ;
; Number of Inverted Registers Reported in Synthesis Report        ; 100                ; 100                ;
; Clock MUX Protection                                             ; On                 ; On                 ;
; Auto Gated Clock Conversion                                      ; Off                ; Off                ;
; Block Design Naming                                              ; Auto               ; Auto               ;
; SDC constraint protection                                        ; Off                ; Off                ;
; Synthesis Effort                                                 ; Auto               ; Auto               ;
; Shift Register Replacement - Allow Asynchronous Clear Signal     ; On                 ; On                 ;
; Pre-Mapping Resynthesis Optimization                             ; Off                ; Off                ;
; Analysis & Synthesis Message Level                               ; Medium             ; Medium             ;
; Disable Register Merging Across Hierarchies                      ; Auto               ; Auto               ;
; Resource Aware Inference For Block RAM                           ; On                 ; On                 ;
+------------------------------------------------------------------+--------------------+--------------------+


+------------------------------------------+
; Parallel Compilation                     ;
+----------------------------+-------------+
; Processors                 ; Number      ;
+----------------------------+-------------+
; Number detected on machine ; 16          ;
; Maximum allowed            ; 16          ;
;                            ;             ;
; Average used               ; 1.00        ;
; Maximum used               ; 16          ;
;                            ;             ;
; Usage by Processor         ; % Time Used ;
;     Processor 1            ; 100.0%      ;
;     Processor 2            ;   0.0%      ;
;     Processor 3            ;   0.0%      ;
;     Processor 4            ;   0.0%      ;
;     Processor 5            ;   0.0%      ;
;     Processor 6            ;   0.0%      ;
;     Processor 7            ;   0.0%      ;
;     Processor 8            ;   0.0%      ;
;     Processors 9-16        ;   0.0%      ;
+----------------------------+-------------+


+-------------------------------------------------------------------------------------------------------------------------------------------------------------------------------------------------------------------------------------------------------------------+
; Analysis & Synthesis Source Files Read                                                                                                                                                                                                                            ;
+--------------------------------------------+-----------------+------------------------------+-----------------------------------------------------------------------------------------------------------------------------------------------------------+---------+
; File Name with User-Entered Path           ; Used in Netlist ; File Type                    ; File Name with Absolute Path                                                                                                                              ; Library ;
+--------------------------------------------+-----------------+------------------------------+-----------------------------------------------------------------------------------------------------------------------------------------------------------+---------+
; rtl/alu_wrapper.v                          ; yes             ; User Verilog HDL File        ; D:/intelFPGA_lite/Project/A-Low-Power-and-High-Speed-32-bit-Adaptive-ALU-Architecture-for-FPGA-Based-Computing/rtl/alu_wrapper.v                          ;         ;
; rtl/alu_reducepower/biriscv_alu_adaptive.v ; yes             ; User Verilog HDL File        ; D:/intelFPGA_lite/Project/A-Low-Power-and-High-Speed-32-bit-Adaptive-ALU-Architecture-for-FPGA-Based-Computing/rtl/alu_reducepower/biriscv_alu_adaptive.v ;         ;
; lpm_mult.tdf                               ; yes             ; Megafunction                 ; d:/intelfpga_lite/20.1/quartus/libraries/megafunctions/lpm_mult.tdf                                                                                       ;         ;
; aglobal201.inc                             ; yes             ; Megafunction                 ; d:/intelfpga_lite/20.1/quartus/libraries/megafunctions/aglobal201.inc                                                                                     ;         ;
; lpm_add_sub.inc                            ; yes             ; Megafunction                 ; d:/intelfpga_lite/20.1/quartus/libraries/megafunctions/lpm_add_sub.inc                                                                                    ;         ;
; multcore.inc                               ; yes             ; Megafunction                 ; d:/intelfpga_lite/20.1/quartus/libraries/megafunctions/multcore.inc                                                                                       ;         ;
; bypassff.inc                               ; yes             ; Megafunction                 ; d:/intelfpga_lite/20.1/quartus/libraries/megafunctions/bypassff.inc                                                                                       ;         ;
; altshift.inc                               ; yes             ; Megafunction                 ; d:/intelfpga_lite/20.1/quartus/libraries/megafunctions/altshift.inc                                                                                       ;         ;
; db/mult_7dt.tdf                            ; yes             ; Auto-Generated Megafunction  ; D:/intelFPGA_lite/Project/A-Low-Power-and-High-Speed-32-bit-Adaptive-ALU-Architecture-for-FPGA-Based-Computing/db/mult_7dt.tdf                            ;         ;
+--------------------------------------------+-----------------+------------------------------+-----------------------------------------------------------------------------------------------------------------------------------------------------------+---------+


+-------------------------------------------------------+
; Analysis & Synthesis Resource Usage Summary           ;
+---------------------------------------------+---------+
; Resource                                    ; Usage   ;
+---------------------------------------------+---------+
; Estimated Total logic elements              ; 888     ;
;                                             ;         ;
; Total combinational functions               ; 819     ;
; Logic element usage by number of LUT inputs ;         ;
;     -- 4 input functions                    ; 338     ;
;     -- 3 input functions                    ; 410     ;
;     -- <=2 input functions                  ; 71      ;
;                                             ;         ;
; Logic elements by mode                      ;         ;
;     -- normal mode                          ; 669     ;
;     -- arithmetic mode                      ; 150     ;
;                                             ;         ;
; Total registers                             ; 101     ;
;     -- Dedicated logic registers            ; 101     ;
;     -- I/O registers                        ; 0       ;
;                                             ;         ;
; I/O pins                                    ; 104     ;
;                                             ;         ;
; Embedded Multiplier 9-bit elements          ; 6       ;
;                                             ;         ;
; Maximum fan-out node                        ; op_r[4] ;
; Maximum fan-out                             ; 102     ;
; Total fan-out                               ; 3304    ;
; Average fan-out                             ; 2.91    ;
+---------------------------------------------+---------+


+--------------------------------------------------------------------------------------------------------------------------------------------------------------------------------------------------------------------------------------------------------------------------------------+
; Analysis & Synthesis Resource Utilization by Entity                                                                                                                                                                                                                                  ;
+------------------------------------+---------------------+---------------------------+-------------+--------------+---------+-----------+------+--------------+--------------------------------------------------------------------------------+----------------------+--------------+
; Compilation Hierarchy Node         ; Combinational ALUTs ; Dedicated Logic Registers ; Memory Bits ; DSP Elements ; DSP 9x9 ; DSP 18x18 ; Pins ; Virtual Pins ; Full Hierarchy Name                                                            ; Entity Name          ; Library Name ;
+------------------------------------+---------------------+---------------------------+-------------+--------------+---------+-----------+------+--------------+--------------------------------------------------------------------------------+----------------------+--------------+
; |alu_wrapper                       ; 819 (44)            ; 101 (101)                 ; 0           ; 6            ; 0       ; 3         ; 104  ; 0            ; |alu_wrapper                                                                   ; alu_wrapper          ; work         ;
;    |biriscv_alu_adaptive:u_alu|    ; 775 (747)           ; 0 (0)                     ; 0           ; 6            ; 0       ; 3         ; 0    ; 0            ; |alu_wrapper|biriscv_alu_adaptive:u_alu                                        ; biriscv_alu_adaptive ; work         ;
;       |lpm_mult:Mult0|             ; 28 (0)              ; 0 (0)                     ; 0           ; 6            ; 0       ; 3         ; 0    ; 0            ; |alu_wrapper|biriscv_alu_adaptive:u_alu|lpm_mult:Mult0                         ; lpm_mult             ; work         ;
;          |mult_7dt:auto_generated| ; 28 (28)             ; 0 (0)                     ; 0           ; 6            ; 0       ; 3         ; 0    ; 0            ; |alu_wrapper|biriscv_alu_adaptive:u_alu|lpm_mult:Mult0|mult_7dt:auto_generated ; mult_7dt             ; work         ;
+------------------------------------+---------------------+---------------------------+-------------+--------------+---------+-----------+------+--------------+--------------------------------------------------------------------------------+----------------------+--------------+
Note: For table entries with two numbers listed, the numbers in parentheses indicate the number of resources of the given type used by the specific entity alone. The numbers listed outside of parentheses indicate the total resources of the given type used by the specific entity and all of its sub-entities in the hierarchy.


+-----------------------------------------------------+
; Analysis & Synthesis DSP Block Usage Summary        ;
+---------------------------------------+-------------+
; Statistic                             ; Number Used ;
+---------------------------------------+-------------+
; Simple Multipliers (9-bit)            ; 0           ;
; Simple Multipliers (18-bit)           ; 3           ;
; Embedded Multiplier Blocks            ; --          ;
; Embedded Multiplier 9-bit elements    ; 6           ;
; Signed Embedded Multipliers           ; 0           ;
; Unsigned Embedded Multipliers         ; 3           ;
; Mixed Sign Embedded Multipliers       ; 0           ;
; Variable Sign Embedded Multipliers    ; 0           ;
; Dedicated Input Shift Register Chains ; 0           ;
+---------------------------------------+-------------+
Note: number of Embedded Multiplier Blocks used is only available after a successful fit.


+------------------------------------------------------------+
; Registers Removed During Synthesis                         ;
+---------------------------------------+--------------------+
; Register name                         ; Reason for Removal ;
+---------------------------------------+--------------------+
; ps_r                                  ; Lost fanout        ;
; Total Number of Removed Registers = 1 ;                    ;
+---------------------------------------+--------------------+


+------------------------------------------------------+
; General Register Statistics                          ;
+----------------------------------------------+-------+
; Statistic                                    ; Value ;
+----------------------------------------------+-------+
; Total registers                              ; 101   ;
; Number of registers using Synchronous Clear  ; 8     ;
; Number of registers using Synchronous Load   ; 15    ;
; Number of registers using Asynchronous Clear ; 101   ;
; Number of registers using Asynchronous Load  ; 0     ;
; Number of registers using Clock Enable       ; 0     ;
; Number of registers using Preset             ; 0     ;
+----------------------------------------------+-------+


+---------------------------------------------------------------------------------------------------------------------------------------------+
; Multiplexer Restructuring Statistics (Restructuring Performed)                                                                              ;
+--------------------+-----------+---------------+----------------------+------------------------+------------+-------------------------------+
; Multiplexer Inputs ; Bus Width ; Baseline Area ; Area if Restructured ; Saving if Restructured ; Registered ; Example Multiplexer Output    ;
+--------------------+-----------+---------------+----------------------+------------------------+------------+-------------------------------+
; 36:1               ; 7 bits    ; 168 LEs       ; 63 LEs               ; 105 LEs                ; Yes        ; |alu_wrapper|alu_p_o[23]~reg0 ;
; 35:1               ; 8 bits    ; 184 LEs       ; 64 LEs               ; 120 LEs                ; Yes        ; |alu_wrapper|alu_p_o[14]~reg0 ;
; 37:1               ; 4 bits    ; 96 LEs        ; 40 LEs               ; 56 LEs                 ; Yes        ; |alu_wrapper|alu_p_o[27]~reg0 ;
; 36:1               ; 4 bits    ; 96 LEs        ; 36 LEs               ; 60 LEs                 ; Yes        ; |alu_wrapper|alu_p_o[5]~reg0  ;
; 38:1               ; 2 bits    ; 50 LEs        ; 20 LEs               ; 30 LEs                 ; Yes        ; |alu_wrapper|alu_p_o[29]~reg0 ;
; 37:1               ; 2 bits    ; 48 LEs        ; 18 LEs               ; 30 LEs                 ; Yes        ; |alu_wrapper|alu_p_o[2]~reg0  ;
+--------------------+-----------+---------------+----------------------+------------------------+------------+-------------------------------+


+-------------------------------------------------------------------------+
; Parameter Settings for User Entity Instance: biriscv_alu_adaptive:u_alu ;
+----------------+-------+------------------------------------------------+
; Parameter Name ; Value ; Type                                           ;
+----------------+-------+------------------------------------------------+
; APPROX_BITS    ; 16    ; Signed Integer                                 ;
+----------------+-------+------------------------------------------------+
Note: In order to hide this table in the UI and the text report file, please set the "Show Parameter Settings in Synthesis Report" option in "Analysis and Synthesis Settings -> More Settings" to "Off".


+--------------------------------------------------------------------------------------------+
; Parameter Settings for Inferred Entity Instance: biriscv_alu_adaptive:u_alu|lpm_mult:Mult0 ;
+------------------------------------------------+--------------+----------------------------+
; Parameter Name                                 ; Value        ; Type                       ;
+------------------------------------------------+--------------+----------------------------+
; AUTO_CARRY_CHAINS                              ; ON           ; AUTO_CARRY                 ;
; IGNORE_CARRY_BUFFERS                           ; OFF          ; IGNORE_CARRY               ;
; AUTO_CASCADE_CHAINS                            ; ON           ; AUTO_CASCADE               ;
; IGNORE_CASCADE_BUFFERS                         ; OFF          ; IGNORE_CASCADE             ;
; LPM_WIDTHA                                     ; 32           ; Untyped                    ;
; LPM_WIDTHB                                     ; 32           ; Untyped                    ;
; LPM_WIDTHP                                     ; 64           ; Untyped                    ;
; LPM_WIDTHR                                     ; 64           ; Untyped                    ;
; LPM_WIDTHS                                     ; 1            ; Untyped                    ;
; LPM_REPRESENTATION                             ; UNSIGNED     ; Untyped                    ;
; LPM_PIPELINE                                   ; 0            ; Untyped                    ;
; LATENCY                                        ; 0            ; Untyped                    ;
; INPUT_A_IS_CONSTANT                            ; NO           ; Untyped                    ;
; INPUT_B_IS_CONSTANT                            ; NO           ; Untyped                    ;
; USE_EAB                                        ; OFF          ; Untyped                    ;
; MAXIMIZE_SPEED                                 ; 5            ; Untyped                    ;
; DEVICE_FAMILY                                  ; Cyclone IV E ; Untyped                    ;
; CARRY_CHAIN                                    ; MANUAL       ; Untyped                    ;
; APEX20K_TECHNOLOGY_MAPPER                      ; LUT          ; TECH_MAPPER_APEX20K        ;
; DEDICATED_MULTIPLIER_CIRCUITRY                 ; AUTO         ; Untyped                    ;
; DEDICATED_MULTIPLIER_MIN_INPUT_WIDTH_FOR_AUTO  ; 0            ; Untyped                    ;
; DEDICATED_MULTIPLIER_MIN_OUTPUT_WIDTH_FOR_AUTO ; 0            ; Untyped                    ;
; CBXI_PARAMETER                                 ; mult_7dt     ; Untyped                    ;
; INPUT_A_FIXED_VALUE                            ; Bx           ; Untyped                    ;
; INPUT_B_FIXED_VALUE                            ; Bx           ; Untyped                    ;
; USE_AHDL_IMPLEMENTATION                        ; OFF          ; Untyped                    ;
+------------------------------------------------+--------------+----------------------------+
Note: In order to hide this table in the UI and the text report file, please set the "Show Parameter Settings in Synthesis Report" option in "Analysis and Synthesis Settings -> More Settings" to "Off".


+-----------------------------------------------------------------------------------+
; lpm_mult Parameter Settings by Entity Instance                                    ;
+---------------------------------------+-------------------------------------------+
; Name                                  ; Value                                     ;
+---------------------------------------+-------------------------------------------+
; Number of entity instances            ; 1                                         ;
; Entity Instance                       ; biriscv_alu_adaptive:u_alu|lpm_mult:Mult0 ;
;     -- LPM_WIDTHA                     ; 32                                        ;
;     -- LPM_WIDTHB                     ; 32                                        ;
;     -- LPM_WIDTHP                     ; 64                                        ;
;     -- LPM_REPRESENTATION             ; UNSIGNED                                  ;
;     -- INPUT_A_IS_CONSTANT            ; NO                                        ;
;     -- INPUT_B_IS_CONSTANT            ; NO                                        ;
;     -- USE_EAB                        ; OFF                                       ;
;     -- DEDICATED_MULTIPLIER_CIRCUITRY ; AUTO                                      ;
;     -- INPUT_A_FIXED_VALUE            ; Bx                                        ;
;     -- INPUT_B_FIXED_VALUE            ; Bx                                        ;
+---------------------------------------+-------------------------------------------+


+--------------------------------------------------------------------------------------------------------------------------------------------------+
; Port Connectivity Checks: "biriscv_alu_adaptive:u_alu"                                                                                           ;
+-------------------+--------+----------+----------------------------------------------------------------------------------------------------------+
; Port              ; Type   ; Severity ; Details                                                                                                  ;
+-------------------+--------+----------+----------------------------------------------------------------------------------------------------------+
; add_is_complex_o  ; Output ; Warning  ; Declared by entity but not connected by instance. Logic that only feeds a dangling port will be removed. ;
; add_used_approx_o ; Output ; Warning  ; Declared by entity but not connected by instance. Logic that only feeds a dangling port will be removed. ;
; error_flag_o      ; Output ; Warning  ; Declared by entity but not connected by instance. Logic that only feeds a dangling port will be removed. ;
+-------------------+--------+----------+----------------------------------------------------------------------------------------------------------+


+-----------------------------------------------------+
; Post-Synthesis Netlist Statistics for Top Partition ;
+-----------------------+-----------------------------+
; Type                  ; Count                       ;
+-----------------------+-----------------------------+
; boundary_port         ; 104                         ;
; cycloneiii_ff         ; 101                         ;
;     CLR               ; 86                          ;
;     CLR SCLR SLD      ; 8                           ;
;     CLR SLD           ; 7                           ;
; cycloneiii_lcell_comb ; 819                         ;
;     arith             ; 150                         ;
;         3 data inputs ; 150                         ;
;     normal            ; 669                         ;
;         2 data inputs ; 71                          ;
;         3 data inputs ; 260                         ;
;         4 data inputs ; 338                         ;
; cycloneiii_mac_mult   ; 3                           ;
; cycloneiii_mac_out    ; 3                           ;
;                       ;                             ;
; Max LUT depth         ; 10.00                       ;
; Average LUT depth     ; 5.50                        ;
+-----------------------+-----------------------------+


+-------------------------------+
; Elapsed Time Per Partition    ;
+----------------+--------------+
; Partition Name ; Elapsed Time ;
+----------------+--------------+
; Top            ; 00:00:02     ;
+----------------+--------------+


+-------------------------------+
; Analysis & Synthesis Messages ;
+-------------------------------+
Info: *******************************************************************
Info: Running Quartus Prime Analysis & Synthesis
    Info: Version 20.1.0 Build 711 06/05/2020 SJ Lite Edition
    Info: Processing started: Fri Sep 18 23:40:30 2026
Info: Command: quartus_map --read_settings_files=on --write_settings_files=off alu_benchmark -c alu_benchmark
Warning (18236): Number of processors has not been specified which may cause overloading on shared machines.  Set the global assignment NUM_PARALLEL_PROCESSORS in your QSF to an appropriate value for best performance.
Info (20030): Parallel compilation is enabled and will use 16 of the 16 processors detected
Info (12021): Found 1 design units, including 1 entities, in source file rtl/alu_wrapper.v
    Info (12023): Found entity 1: alu_wrapper File: D:/intelFPGA_lite/Project/A-Low-Power-and-High-Speed-32-bit-Adaptive-ALU-Architecture-for-FPGA-Based-Computing/rtl/alu_wrapper.v Line: 1
Info (12021): Found 1 design units, including 1 entities, in source file rtl/alu_reducepower/biriscv_alu_adaptive.v
    Info (12023): Found entity 1: biriscv_alu_adaptive File: D:/intelFPGA_lite/Project/A-Low-Power-and-High-Speed-32-bit-Adaptive-ALU-Architecture-for-FPGA-Based-Computing/rtl/alu_reducepower/biriscv_alu_adaptive.v Line: 1
Info (12127): Elaborating entity "alu_wrapper" for the top level hierarchy
Info (12128): Elaborating entity "biriscv_alu_adaptive" for hierarchy "biriscv_alu_adaptive:u_alu" File: D:/intelFPGA_lite/Project/A-Low-Power-and-High-Speed-32-bit-Adaptive-ALU-Architecture-for-FPGA-Based-Computing/rtl/alu_wrapper.v Line: 39
Info (278001): Inferred 1 megafunctions from design logic
    Info (278003): Inferred multiplier megafunction ("lpm_mult") from the following logic: "biriscv_alu_adaptive:u_alu|Mult0" File: D:/intelFPGA_lite/Project/A-Low-Power-and-High-Speed-32-bit-Adaptive-ALU-Architecture-for-FPGA-Based-Computing/rtl/alu_reducepower/biriscv_alu_adaptive.v Line: 62
Info (12130): Elaborated megafunction instantiation "biriscv_alu_adaptive:u_alu|lpm_mult:Mult0" File: D:/intelFPGA_lite/Project/A-Low-Power-and-High-Speed-32-bit-Adaptive-ALU-Architecture-for-FPGA-Based-Computing/rtl/alu_reducepower/biriscv_alu_adaptive.v Line: 62
Info (12133): Instantiated megafunction "biriscv_alu_adaptive:u_alu|lpm_mult:Mult0" with the following parameter: File: D:/intelFPGA_lite/Project/A-Low-Power-and-High-Speed-32-bit-Adaptive-ALU-Architecture-for-FPGA-Based-Computing/rtl/alu_reducepower/biriscv_alu_adaptive.v Line: 62
    Info (12134): Parameter "LPM_WIDTHA" = "32"
    Info (12134): Parameter "LPM_WIDTHB" = "32"
    Info (12134): Parameter "LPM_WIDTHP" = "64"
    Info (12134): Parameter "LPM_WIDTHR" = "64"
    Info (12134): Parameter "LPM_WIDTHS" = "1"
    Info (12134): Parameter "LPM_REPRESENTATION" = "UNSIGNED"
    Info (12134): Parameter "INPUT_A_IS_CONSTANT" = "NO"
    Info (12134): Parameter "INPUT_B_IS_CONSTANT" = "NO"
    Info (12134): Parameter "MAXIMIZE_SPEED" = "5"
Info (12021): Found 1 design units, including 1 entities, in source file db/mult_7dt.tdf
    Info (12023): Found entity 1: mult_7dt File: D:/intelFPGA_lite/Project/A-Low-Power-and-High-Speed-32-bit-Adaptive-ALU-Architecture-for-FPGA-Based-Computing/db/mult_7dt.tdf Line: 31
Warning (14284): Synthesized away the following node(s):
    Warning (14285): Synthesized away the following DSP element node(s):
        Warning (14320): Synthesized away node "biriscv_alu_adaptive:u_alu|lpm_mult:Mult0|mult_7dt:auto_generated|mac_mult7" File: D:/intelFPGA_lite/Project/A-Low-Power-and-High-Speed-32-bit-Adaptive-ALU-Architecture-for-FPGA-Based-Computing/db/mult_7dt.tdf Line: 67
        Warning (14320): Synthesized away node "biriscv_alu_adaptive:u_alu|lpm_mult:Mult0|mult_7dt:auto_generated|mac_out8" File: D:/intelFPGA_lite/Project/A-Low-Power-and-High-Speed-32-bit-Adaptive-ALU-Architecture-for-FPGA-Based-Computing/db/mult_7dt.tdf Line: 91
Warning (12241): 1 hierarchies have connectivity warnings - see the Connectivity Checks report folder
Info (13014): Ignored 84 buffer(s)
    Info (13019): Ignored 84 SOFT buffer(s)
Info (286030): Timing-Driven Synthesis is running
Info (17049): 1 registers lost all their fanouts during netlist optimizations.
Info (16010): Generating hard_block partition "hard_block:auto_generated_inst"
    Info (16011): Adding 0 node(s), including 0 DDIO, 0 PLL, 0 transceiver and 0 LCELL
Warning (21074): Design contains 1 input pin(s) that do not drive logic
    Warning (15610): No output dependent on input pin "power_save_en_i" File: D:/intelFPGA_lite/Project/A-Low-Power-and-High-Speed-32-bit-Adaptive-ALU-Architecture-for-FPGA-Based-Computing/rtl/alu_wrapper.v Line: 7
Info (21057): Implemented 998 device resources after synthesis - the final resource count might be different
    Info (21058): Implemented 72 input pins
    Info (21059): Implemented 32 output pins
    Info (21061): Implemented 888 logic cells
    Info (21062): Implemented 6 DSP elements
Info: Quartus Prime Analysis & Synthesis was successful. 0 errors, 8 warnings
    Info: Peak virtual memory: 4860 megabytes
    Info: Processing ended: Fri Sep 18 23:40:39 2026
    Info: Elapsed time: 00:00:09
    Info: Total CPU time (on all processors): 00:00:18


