Power Analyzer report for alu_benchmark
Sat Sep 19 00:30:58 2026
Quartus Prime Version 20.1.0 Build 711 06/05/2020 SJ Lite Edition


---------------------
; Table of Contents ;
---------------------
  1. Legal Notice
  2. Parallel Compilation
  3. Power Analyzer Summary
  4. Power Analyzer Settings
  5. Indeterminate Toggle Rates
  6. Power Analyzer Simulation Files Read
  7. Operating Conditions Used
  8. Thermal Power Dissipation by Block
  9. Thermal Power Dissipation by Block Type
 10. Thermal Power Dissipation by Hierarchy
 11. Core Dynamic Thermal Power Dissipation by Clock Domain
 12. Current Drawn from Voltage Supplies Summary
 13. VCCIO Supply Current Drawn by I/O Bank
 14. VCCIO Supply Current Drawn by Voltage
 15. Confidence Metric Details
 16. Signal Activities
 17. Power Analyzer Messages



----------------
; Legal Notice ;
----------------
Copyright (C) 2020  Intel Corporation. All rights reserved.
Your use of Intel Corporation's design tools, logic functions 
and other software and tools, and any partner logic 
functions, and any output files from any of the foregoing 
(including device programming or simulation files), and any 
associated documentation or information are expressly subject 
to the terms and conditions of the Intel Program License 
Subscription Agreement, the Intel Quartus Prime License Agreement,
the Intel FPGA IP License Agreement, or other applicable license
agreement, including, without limitation, that your use is for
the sole purpose of programming logic devices manufactured by
Intel and sold by Intel or its authorized distributors.  Please
refer to the applicable agreement for further details, at
https://fpgasoftware.intel.com/eula.



+------------------------------------------+
; Parallel Compilation                     ;
+----------------------------+-------------+
; Processors                 ; Number      ;
+----------------------------+-------------+
; Number detected on machine ; 16          ;
; Maximum allowed            ; 16          ;
;                            ;             ;
; Average used               ; 1.03        ;
; Maximum used               ; 16          ;
;                            ;             ;
; Usage by Processor         ; % Time Used ;
;     Processor 1            ; 100.0%      ;
;     Processors 2-16        ;   0.2%      ;
+----------------------------+-------------+


+-------------------------------------------------------------------------------------------+
; Power Analyzer Summary                                                                    ;
+----------------------------------------+--------------------------------------------------+
; Power Analyzer Status                  ; Successful - Sat Sep 19 00:30:58 2026            ;
; Quartus Prime Version                  ; 20.1.0 Build 711 06/05/2020 SJ Lite Edition      ;
; Revision Name                          ; alu_benchmark                                    ;
; Top-level Entity Name                  ; alu_wrapper                                      ;
; Family                                 ; Cyclone IV E                                     ;
; Device                                 ; EP4CE115F29C7                                    ;
; Power Models                           ; Final                                            ;
; Total Thermal Power Dissipation        ; 391.73 mW                                        ;
; Core Dynamic Thermal Power Dissipation ; 80.75 mW                                         ;
; Core Static Thermal Power Dissipation  ; 99.32 mW                                         ;
; I/O Thermal Power Dissipation          ; 211.66 mW                                        ;
; Power Estimation Confidence            ; Low: user provided insufficient toggle rate data ;
+----------------------------------------+--------------------------------------------------+


+--------------------------------------------------------------------------------------------+
; Power Analyzer Settings                                                                    ;
+------------------------------------------------------------------+---------+---------------+
; Option                                                           ; Setting ; Default Value ;
+------------------------------------------------------------------+---------+---------------+
; Use smart compilation                                            ; Off     ; Off           ;
; Enable parallel Assembler and Timing Analyzer during compilation ; On      ; On            ;
; Enable compact report table                                      ; Off     ; Off           ;
; Use Input Files                                                  ; On      ; Off           ;
; Default Power Toggle Rate                                        ; 12.5%   ; 12.5%         ;
; Default Power Input I/O Toggle Rate                              ; 12.5%   ; 12.5%         ;
; Use vectorless estimation                                        ; On      ; On            ;
; Filter Glitches in VCD File Reader                               ; On      ; On            ;
; Power Analyzer Report Signal Activity                            ; Off     ; Off           ;
; Power Analyzer Report Power Dissipation                          ; Off     ; Off           ;
; Device Power Characteristics                                     ; TYPICAL ; TYPICAL       ;
; Automatically Compute Junction Temperature                       ; On      ; On            ;
; Specified Junction Temperature                                   ; 25      ; 25            ;
; Ambient Temperature                                              ; 25      ; 25            ;
; Use Custom Cooling Solution                                      ; Off     ; Off           ;
; Board Temperature                                                ; 25      ; 25            ;
+------------------------------------------------------------------+---------+---------------+


+-------------------------------------+
; Indeterminate Toggle Rates          ;
+-------+-----------------------------+
; Node  ; Reason                      ;
+-------+-----------------------------+
; rst_n ; No valid clock domain found ;
+-------+-----------------------------+


+--------------------------------------------------------------------------------------------------------------+
; Power Analyzer Simulation Files Read                                                                         ;
+---------+------------------+-----------+--------------+----------------+--------------+-----------+----------+
; File ID ; File Name        ; File Type ; Entity       ; VCD Start Time ; VCD End Time ; Unknown % ; Toggle % ;
+---------+------------------+-----------+--------------+----------------+--------------+-----------+----------+
; f1      ; alu_adaptive.vcd ; VCD       ; |alu_wrapper ; N/A            ; N/A          ; 0.0%      ; 98.0%    ;
+---------+------------------+-----------+--------------+----------------+--------------+-----------+----------+


+-------------------------------------------------------------------------+
; Operating Conditions Used                                               ;
+---------------------------------------------+---------------------------+
; Setting                                     ; Value                     ;
+---------------------------------------------+---------------------------+
; Device power characteristics                ; Typical                   ;
;                                             ;                           ;
; Voltages                                    ;                           ;
;     VCCINT                                  ; 1.20 V                    ;
;     VCCA                                    ; 2.50 V                    ;
;     VCCD                                    ; 1.20 V                    ;
;     2.5 V I/O Standard                      ; 2.5 V                     ;
;                                             ;                           ;
; Auto computed junction temperature          ; 27.5 degrees Celsius      ;
;     Ambient temperature                     ; 25.0 degrees Celsius      ;
;     Junction-to-Case thermal resistance     ; 3.90 degrees Celsius/Watt ;
;     Case-to-Heat Sink thermal resistance    ; 0.10 degrees Celsius/Watt ;
;     Heat Sink-to-Ambient thermal resistance ; 2.50 degrees Celsius/Watt ;
;                                             ;                           ;
; Board model used                            ; None                      ;
+---------------------------------------------+---------------------------+


+----------------------------------------------------------------------------------------------------------------------------------------------+
; Thermal Power Dissipation by Block                                                                                                           ;
+------------+------------+---------------------+-----------------------------+--------------------------------+-------------------------------+
; Block Name ; Block Type ; Total Thermal Power ; Block Thermal Dynamic Power ; Block Thermal Static Power (1) ; Routing Thermal Dynamic Power ;
+------------+------------+---------------------+-----------------------------+--------------------------------+-------------------------------+
(1) The "Thermal Power Dissipation by Block" Table has been hidden. To show this table, please select the "Write power dissipation by block to report file" option under "PowerPlay Power Analyzer Settings".


+---------------------------------------------------------------------------------------------------------------------------------------------------------------------------------------------------------------------------+
; Thermal Power Dissipation by Block Type                                                                                                                                                                                   ;
+----------------------------+-----------------------------------+-----------------------------+--------------------------------+-------------------------------+-----------------------------------------------------------+
; Block Type                 ; Total Thermal Power by Block Type ; Block Thermal Dynamic Power ; Block Thermal Static Power (1) ; Routing Thermal Dynamic Power ; Block Average Toggle Rate (millions of transitions / sec) ;
+----------------------------+-----------------------------------+-----------------------------+--------------------------------+-------------------------------+-----------------------------------------------------------+
; Embedded multiplier block  ; 0.17 mW                           ; 0.17 mW                     ; --                             ; 0.00 mW                       ;    3.574                                                  ;
; Embedded multiplier output ; 0.05 mW                           ; 0.00 mW                     ; --                             ; 0.05 mW                       ;    3.324                                                  ;
; Combinational cell         ; 10.86 mW                          ; 4.63 mW                     ; --                             ; 6.23 mW                       ;   44.463                                                  ;
; Clock control block        ; 5.00 mW                           ; 0.00 mW                     ; --                             ; 5.00 mW                       ;   87.719                                                  ;
; Register cell              ; 6.90 mW                           ; 1.92 mW                     ; --                             ; 4.98 mW                       ;   22.640                                                  ;
; I/O                        ; 239.43 mW                         ; 159.20 mW                   ; 22.46 mW                       ; 57.77 mW                      ;  359.963                                                  ;
+----------------------------+-----------------------------------+-----------------------------+--------------------------------+-------------------------------+-----------------------------------------------------------+
(1) The "Block Thermal Static Power" for all block types except Pins and the Voltage Regulator, if one exists, is part of the "Core Static Thermal Power Dissipation" value found on the PowerPlay Power Analyzer-->Summary report panel. The "Core Static Thermal Power Dissipation" also contains the thermal static power dissipated by the routing.


+------------------------------------------------------------------------------------------------------------------------------------------------------------------------------------------------------------------------------------------------------------------------+
; Thermal Power Dissipation by Hierarchy                                                                                                                                                                                                                                 ;
+--------------------------------------+--------------------------------------+---------------------------------+-----------------------------------+-----------------------------------+--------------------------------------------------------------------------------+
; Compilation Hierarchy Node           ; Total Thermal Power by Hierarchy (1) ; Block Thermal Dynamic Power (1) ; Block Thermal Static Power (1)(2) ; Routing Thermal Dynamic Power (1) ; Full Hierarchy Name                                                            ;
+--------------------------------------+--------------------------------------+---------------------------------+-----------------------------------+-----------------------------------+--------------------------------------------------------------------------------+
; |alu_wrapper                         ; 262.41 mW (252.48 mW)                ; 165.92 mW (161.41 mW)           ; 22.46 mW (22.46 mW)               ; 74.03 mW (68.62 mW)               ; |alu_wrapper                                                                   ;
;     |hard_block:auto_generated_inst  ; 0.00 mW (0.00 mW)                    ; 0.00 mW (0.00 mW)               ; --                                ; 0.00 mW (0.00 mW)                 ; |alu_wrapper|hard_block:auto_generated_inst                                    ;
;     |biriscv_alu_adaptive:u_alu      ; 9.93 mW (9.68 mW)                    ; 4.51 mW (4.32 mW)               ; --                                ; 5.42 mW (5.36 mW)                 ; |alu_wrapper|biriscv_alu_adaptive:u_alu                                        ;
;         |lpm_mult:Mult0              ; 0.25 mW (0.00 mW)                    ; 0.19 mW (0.00 mW)               ; --                                ; 0.06 mW (0.00 mW)                 ; |alu_wrapper|biriscv_alu_adaptive:u_alu|lpm_mult:Mult0                         ;
;             |mult_7dt:auto_generated ; 0.25 mW (0.25 mW)                    ; 0.19 mW (0.19 mW)               ; --                                ; 0.06 mW (0.06 mW)                 ; |alu_wrapper|biriscv_alu_adaptive:u_alu|lpm_mult:Mult0|mult_7dt:auto_generated ;
+--------------------------------------+--------------------------------------+---------------------------------+-----------------------------------+-----------------------------------+--------------------------------------------------------------------------------+
(1) Value in parentheses is the power consumed at that level of hierarchy. Value not in parentheses is the power consumed at that level of hierarchy plus the power consumed by all levels of hierarchy below it.

(2) The "Block Thermal Static Power" for all levels of hierarchy except the top-level hierarchy is part of the "Core Static Thermal Power Dissipation" value found on the PowerPlay Power Analyzer-->Summary report panel. The "Core Static Thermal Power Dissipation" also contains the thermal static power dissipated by the routing.


+--------------------------------------------------------------------+
; Core Dynamic Thermal Power Dissipation by Clock Domain             ;
+-----------------+-----------------------+--------------------------+
; Clock Domain    ; Clock Frequency (MHz) ; Total Core Dynamic Power ;
+-----------------+-----------------------+--------------------------+
; clk             ; 87.72                 ; 80.59                    ;
; No clock domain ; 0.00                  ; 0.17                     ;
+-----------------+-----------------------+--------------------------+


+------------------------------------------------------------------------------------------------------------------------------------+
; Current Drawn from Voltage Supplies Summary                                                                                        ;
+----------------+-------------------------+---------------------------+--------------------------+----------------------------------+
; Voltage Supply ; Total Current Drawn (1) ; Dynamic Current Drawn (1) ; Static Current Drawn (1) ; Minimum Power Supply Current (2) ;
+----------------+-------------------------+---------------------------+--------------------------+----------------------------------+
; VCCINT         ; 132.71 mA               ; 108.05 mA                 ; 24.66 mA                 ; 132.71 mA                        ;
; VCCIO          ; 52.54 mA                ; 40.11 mA                  ; 12.43 mA                 ; 52.54 mA                         ;
; VCCA           ; 35.07 mA                ; 0.00 mA                   ; 35.07 mA                 ; 35.07 mA                         ;
; VCCD           ; 2.88 mA                 ; 0.00 mA                   ; 2.88 mA                  ; 2.88 mA                          ;
+----------------+-------------------------+---------------------------+--------------------------+----------------------------------+
(1) Currents reported in columns "Total Current Drawn", "Dynamic Current Drawn", and "Static Current Drawn" are sufficient for user operation of the device.  
(2) Currents reported in column "Minimum Power Supply Current" are sufficient for power-up, configuration, and user operation of the device.


+-----------------------------------------------------------------------------------------------+
; VCCIO Supply Current Drawn by I/O Bank                                                        ;
+----------+---------------+---------------------+-----------------------+----------------------+
; I/O Bank ; VCCIO Voltage ; Total Current Drawn ; Dynamic Current Drawn ; Static Current Drawn ;
+----------+---------------+---------------------+-----------------------+----------------------+
; 1        ; 2.5V          ; 1.57 mA             ; 0.05 mA               ; 1.52 mA              ;
; 2        ; 2.5V          ; 1.50 mA             ; 0.00 mA               ; 1.50 mA              ;
; 3        ; 2.5V          ; 2.08 mA             ; 0.56 mA               ; 1.52 mA              ;
; 4        ; 2.5V          ; 12.37 mA            ; 10.77 mA              ; 1.60 mA              ;
; 5        ; 2.5V          ; 7.00 mA             ; 5.42 mA               ; 1.57 mA              ;
; 6        ; 2.5V          ; 6.89 mA             ; 5.33 mA               ; 1.55 mA              ;
; 7        ; 2.5V          ; 18.18 mA            ; 16.54 mA              ; 1.64 mA              ;
; 8        ; 2.5V          ; 2.94 mA             ; 1.42 mA               ; 1.52 mA              ;
+----------+---------------+---------------------+-----------------------+----------------------+


+-----------------------------------------------------------------------------------------------------------------------------------+
; VCCIO Supply Current Drawn by Voltage                                                                                             ;
+---------------+-------------------------+---------------------------+--------------------------+----------------------------------+
; VCCIO Voltage ; Total Current Drawn (1) ; Dynamic Current Drawn (1) ; Static Current Drawn (1) ; Minimum Power Supply Current (2) ;
+---------------+-------------------------+---------------------------+--------------------------+----------------------------------+
; 2.5V          ; 52.54 mA                ; 40.11 mA                  ; 12.43 mA                 ; 52.54 mA                         ;
+---------------+-------------------------+---------------------------+--------------------------+----------------------------------+
(1) Currents reported in columns "Total Current Drawn", "Dynamic Current Drawn", and "Static Current Drawn" are sufficient for user operation of the device.  
(2) Currents reported in column "Minimum Power Supply Current" are sufficient for power-up, configuration, and user operation of the device.


+----------------------------------------------------------------------------------------------------------------------------------------------------+
; Confidence Metric Details                                                                                                                          ;
+----------------------------------------------------------------------------------------+--------------+-------------+--------------+---------------+
; Data Source                                                                            ; Total        ; Pin         ; Registered   ; Combinational ;
+----------------------------------------------------------------------------------------+--------------+-------------+--------------+---------------+
; Simulation (from file)                                                                 ;              ;             ;              ;               ;
;     -- Simulation time nodes in unknown state                                          ; 0.0%         ;             ;              ;               ;
;     -- Number of signals with Toggle Rate from Simulation                              ; 102 (7.3%)   ; 102 (93.6%) ; 0 (0.0%)     ; 0 (0.0%)      ;
;     -- Number of signals with Zero toggle rate, from Simulation                        ; 2 (0.1%)     ; 2 (1.8%)    ; 0 (0.0%)     ; 0 (0.0%)      ;
;     -- Number of signals with Static Probability from Simulation                       ; 102 (7.3%)   ; 102 (93.6%) ; 0 (0.0%)     ; 0 (0.0%)      ;
;                                                                                        ;              ;             ;              ;               ;
; Node, entity or clock assignment                                                       ;              ;             ;              ;               ;
;     -- Number of signals with Toggle Rate from Node, entity or clock assignment        ; 1 (0.1%)     ; 1 (0.9%)    ; 0 (0.0%)     ; 0 (0.0%)      ;
;     -- Number of signals with Static Probability from Node, entity or clock assignment ; 1 (0.1%)     ; 1 (0.9%)    ; 0 (0.0%)     ; 0 (0.0%)      ;
;                                                                                        ;              ;             ;              ;               ;
; Vectorless estimation                                                                  ;              ;             ;              ;               ;
;     -- Number of signals with Toggle Rate from Vectorless estimation                   ; 1289 (92.4%) ; 3 (2.8%)    ; 101 (100.0%) ; 1185 (100.0%) ;
;     -- Number of signals with Zero toggle rate, from Vectorless estimation             ; 113 (8.1%)   ; 2 (1.8%)    ; 1 (1.0%)     ; 110 (9.3%)    ;
;     -- Number of signals with Static Probability from Vectorless estimation            ; 1289 (92.4%) ; 3 (2.8%)    ; 101 (100.0%) ; 1185 (100.0%) ;
;                                                                                        ;              ;             ;              ;               ;
; Default assignment                                                                     ;              ;             ;              ;               ;
;     -- Number of signals with Toggle Rate from Default assignment                      ; 0 (0.0%)     ; 0 (0.0%)    ; 0 (0.0%)     ; 0 (0.0%)      ;
;     -- Number of signals with Static Probability from Default assignment               ; 3 (0.2%)     ; 3 (2.8%)    ; 0 (0.0%)     ; 0 (0.0%)      ;
;                                                                                        ;              ;             ;              ;               ;
; Assumed 0                                                                              ;              ;             ;              ;               ;
;     -- Number of signals with Toggle Rate assumed 0                                    ; 3 (0.2%)     ; 3 (2.8%)    ; 0 (0.0%)     ; 0 (0.0%)      ;
+----------------------------------------------------------------------------------------+--------------+-------------+--------------+---------------+


+-----------------------------------------------------------------------------------------------------------------------------------------------------+
; Signal Activities                                                                                                                                   ;
+--------+------+---------------------------------------------+-----------------------------+--------------------+------------------------------------+
; Signal ; Type ; Toggle Rate (millions of transitions / sec) ; Toggle Rate Data Source (1) ; Static Probability ; Static Probability Data Source (1) ;
+--------+------+---------------------------------------------+-----------------------------+--------------------+------------------------------------+
(1) The "Signal Activity" Table has been hidden. To show this table, please select the "Write signal activities to report file" option under "PowerPlay Power Analyzer Settings".


+-------------------------+
; Power Analyzer Messages ;
+-------------------------+
Info: *******************************************************************
Info: Running Quartus Prime Power Analyzer
    Info: Version 20.1.0 Build 711 06/05/2020 SJ Lite Edition
    Info: Copyright (C) 2020  Intel Corporation. All rights reserved.
    Info: Your use of Intel Corporation's design tools, logic functions 
    Info: and other software and tools, and any partner logic 
    Info: functions, and any output files from any of the foregoing 
    Info: (including device programming or simulation files), and any 
    Info: associated documentation or information are expressly subject 
    Info: to the terms and conditions of the Intel Program License 
    Info: Subscription Agreement, the Intel Quartus Prime License Agreement,
    Info: the Intel FPGA IP License Agreement, or other applicable license
    Info: agreement, including, without limitation, that your use is for
    Info: the sole purpose of programming logic devices manufactured by
    Info: Intel and sold by Intel or its authorized distributors.  Please
    Info: refer to the applicable agreement for further details, at
    Info: https://fpgasoftware.intel.com/eula.
    Info: Processing started: Sat Sep 19 00:30:48 2026
Info: Command: quartus_pow alu_benchmark
Warning (18236): Number of processors has not been specified which may cause overloading on shared machines.  Set the global assignment NUM_PARALLEL_PROCESSORS in your QSF to an appropriate value for best performance.
Info (21077): Low junction temperature is 0 degrees C
Info (21077): High junction temperature is 85 degrees C
Info (222002): Starting scan of VCD file alu_adaptive.vcd (0 ns to End of File) for signal static probabilities and transition densities
Info (222003): Finished scan of VCD file alu_adaptive.vcd (0 ns to End of File) for signal static probabilities and transition densities
Info (332104): Reading SDC File: 'alu_timing.sdc'
Info (332151): Clock uncertainty is not calculated until you update the timing netlist.
Info (332123): Deriving Clock Uncertainty. Please refer to report_sdc in the Timing Analyzer to see clock uncertainties.
Info (223000): Starting Vectorless Power Activity Estimation
Warning (222013): Relative toggle rates could not be calculated because no clock domain could be identified for some nodes
Info (223001): Completed Vectorless Power Activity Estimation
Info (215037): Detailed signal activity file source information is not written to output Signal Activity File.
Info (218000): Using Advanced I/O Power to simulate I/O buffers with the specified board trace model
Warning (215044): No board thermal model was selected.  Analyzing without board thermal modeling.
Info (334003): Started post-fitting delay annotation
Info (334004): Delay annotation completed successfully
Info (215049): Average toggle rate for this design is 64.143 millions of transitions / sec
Info (215031): Total thermal power estimate for the design is 391.73 mW
Info: Quartus Prime Power Analyzer was successful. 0 errors, 3 warnings
    Info: Peak virtual memory: 5065 megabytes
    Info: Processing ended: Sat Sep 19 00:30:58 2026
    Info: Elapsed time: 00:00:10
    Info: Total CPU time (on all processors): 00:00:15


